// Jest Snapshot v1, https://goo.gl/fbAQLP

exports[`template renders correctly 1`] = `
<View
  style={
    Object {
      "flex": 1,
    }
  }
>
  <RNCSafeAreaProvider
    onInsetsChange={[Function]}
    style={
      Array [
        Object {
          "flex": 1,
        },
        undefined,
      ]
    }
  >
    <View
      style={
        Array [
          Object {
            "backgroundColor": "rgb(242, 242, 242)",
            "flex": 1,
          },
          undefined,
        ]
      }
    >
      <View
        pointerEvents="box-none"
        style={
          Object {
            "zIndex": 1,
          }
        }
      >
        <View
          accessibilityElementsHidden={false}
          importantForAccessibility="auto"
          onLayout={[Function]}
          pointerEvents="box-none"
          style={null}
        >
          <View
            pointerEvents="box-none"
            style={
              Object {
                "bottom": 0,
                "left": 0,
                "opacity": 1,
                "position": "absolute",
                "right": 0,
                "top": 0,
                "zIndex": 0,
              }
            }
          >
            <View
              style={
                Object {
                  "backgroundColor": "rgb(255, 255, 255)",
                  "borderBottomColor": "rgb(216, 216, 216)",
                  "flex": 1,
                  "shadowColor": "rgb(216, 216, 216)",
                  "shadowOffset": Object {
                    "height": 0.5,
                    "width": 0,
                  },
                  "shadowOpacity": 0.85,
                  "shadowRadius": 0,
                }
              }
            />
          </View>
          <View
            pointerEvents="box-none"
            style={
              Object {
                "height": 44,
                "maxHeight": undefined,
                "minHeight": undefined,
                "opacity": undefined,
                "transform": undefined,
              }
            }
          >
            <View
              pointerEvents="none"
              style={
                Object {
                  "height": 0,
                }
              }
            />
            <View
              pointerEvents="box-none"
              style={
                Object {
                  "alignItems": "center",
                  "flex": 1,
                  "flexDirection": "row",
                  "justifyContent": "center",
                }
              }
            >
              <View
                pointerEvents="box-none"
                style={
                  Object {
                    "alignItems": "flex-start",
                    "flexBasis": 0,
                    "flexGrow": 1,
                    "justifyContent": "center",
                    "marginStart": 0,
                    "opacity": 1,
                  }
                }
              />
              <View
                pointerEvents="box-none"
                style={
                  Object {
                    "marginHorizontal": 16,
                    "opacity": 1,
                  }
                }
              >
                <Text
                  accessibilityRole="header"
                  aria-level="1"
                  numberOfLines={1}
                  onLayout={[Function]}
                  style={
                    Object {
                      "color": "rgb(28, 28, 30)",
                      "fontSize": 17,
                      "fontWeight": "600",
                    }
                  }
                >
                  MockedScreen
                </Text>
              </View>
              <View
                pointerEvents="box-none"
                style={
                  Object {
                    "alignItems": "flex-end",
                    "flexBasis": 0,
                    "flexGrow": 1,
                    "justifyContent": "center",
                    "marginEnd": 0,
                    "opacity": 1,
                  }
                }
              />
            </View>
          </View>
        </View>
      </View>
      <RNSScreenContainer
        onLayout={[Function]}
        style={
          Object {
            "flex": 1,
          }
        }
      >
        <RNSScreen
          activityState={2}
          forwardedRef={[Function]}
          pointerEvents="box-none"
          style={
            Object {
              "bottom": 0,
              "left": 0,
              "position": "absolute",
              "right": 0,
              "top": 0,
            }
          }
        >
          <View
            collapsable={false}
            style={
              Object {
                "opacity": 1,
              }
            }
          />
          <View
            accessibilityElementsHidden={false}
            closing={false}
            gestureVelocityImpact={0.3}
            importantForAccessibility="auto"
            onClose={[Function]}
            onGestureBegin={[Function]}
            onGestureCanceled={[Function]}
            onGestureEnd={[Function]}
            onOpen={[Function]}
            onTransition={[Function]}
            pointerEvents="box-none"
            style={
              Array [
                Object {
                  "display": "flex",
                  "overflow": undefined,
                },
                Object {
                  "bottom": 0,
                  "left": 0,
                  "position": "absolute",
                  "right": 0,
                  "top": 0,
                },
              ]
            }
            transitionSpec={
              Object {
                "close": Object {
                  "animation": "spring",
                  "config": Object {
                    "damping": 500,
                    "mass": 3,
                    "overshootClamping": true,
                    "restDisplacementThreshold": 10,
                    "restSpeedThreshold": 10,
                    "stiffness": 1000,
                  },
                },
                "open": Object {
                  "animation": "spring",
                  "config": Object {
                    "damping": 500,
                    "mass": 3,
                    "overshootClamping": true,
                    "restDisplacementThreshold": 10,
                    "restSpeedThreshold": 10,
                    "stiffness": 1000,
                  },
                },
              }
            }
          >
            <View
              pointerEvents="box-none"
              style={
                Object {
                  "flex": 1,
                }
              }
            >
              <View
                collapsable={false}
                forwardedRef={[Function]}
                needsOffscreenAlphaCompositing={false}
                onGestureHandlerEvent={[Function]}
                onGestureHandlerStateChange={[Function]}
                style={
                  Object {
                    "flex": 1,
                    "transform": Array [
                      Object {
                        "translateX": 0,
                      },
                      Object {
                        "translateX": 0,
                      },
                    ],
                  }
                }
              >
                <View
                  style={
                    Array [
                      Object {
                        "flex": 1,
                        "overflow": "hidden",
                      },
                      Array [
                        Object {
                          "backgroundColor": "rgb(242, 242, 242)",
                        },
                        undefined,
                      ],
                    ]
                  }
                >
                  <View
                    style={
                      Object {
                        "flex": 1,
                        "flexDirection": "column-reverse",
                      }
                    }
                  >
                    <View
                      style={
                        Object {
                          "flex": 1,
                        }
                      }
                    >
                      <View
                        style={
                          Object {
                            "backgroundColor": "hsl(0,0%,100%)",
                            "flex": 1,
                          }
                        }
                      >
                        <RCTSafeAreaView
                          emulateUnlessSupported={true}
                          style={
                            Object {
                              "flex": 1,
                            }
                          }
                        >
                          <View
                            style={
                              Object {
                                "alignItems": "center",
                                "backgroundColor": "hsl(0,0%,100%)",
                                "borderBottomColor": "hsl(0,0%,100%)",
                                "borderBottomWidth": 1,
                                "flexDirection": "row",
                                "justifyContent": "space-between",
                                "paddingHorizontal": 8,
                              }
                            }
                          >
                            <RNGestureHandlerButton
                              collapsable={false}
                              onGestureEvent={[Function]}
                              onGestureHandlerEvent={[Function]}
                              onGestureHandlerStateChange={[Function]}
                              onHandlerStateChange={[Function]}
                              rippleColor={0}
                              style={
                                Array [
                                  Object {
                                    "flex": 0,
                                  },
                                  undefined,
                                ]
                              }
                            >
                              <View
                                accessible={true}
                                style={
                                  Object {
                                    "opacity": 1,
                                    "padding": 8,
                                  }
                                }
                              >
                                <View
                                  style={
                                    Array [
                                      undefined,
                                      undefined,
                                      undefined,
                                      undefined,
                                      Object {
                                        "justifyContent": "center",
                                      },
                                      false,
                                    ]
                                  }
                                  testID="leftNav"
                                >
                                  <Text
                                    allowFontScaling={false}
                                    style={
                                      Array [
                                        Object {
                                          "color": "hsl(0,0%,32.9%)",
                                          "fontSize": 32,
                                        },
                                        Array [
                                          undefined,
                                          undefined,
                                        ],
                                        Object {
                                          "fontFamily": "Material Design Icons",
                                          "fontStyle": "normal",
                                          "fontWeight": "normal",
                                        },
                                        Object {},
                                      ]
                                    }
                                  >
                                    󰅁
                                  </Text>
                                </View>
                              </View>
                            </RNGestureHandlerButton>
                            <Text
                              numberOfLines={1}
                              onPress={[Function]}
                              style={
                                Object {
                                  "color": "hsla(0,0%,0%, 1)",
                                  "flex": 1,
                                  "fontSize": 34,
                                  "fontWeight": "300",
                                  "letterSpacing": 0.25,
                                  "opacity": 1,
                                  "textAlign": "center",
                                }
                              }
                            >
                              Template
                            </Text>
                            <RNGestureHandlerButton
                              collapsable={false}
                              onGestureEvent={[Function]}
                              onGestureHandlerEvent={[Function]}
                              onGestureHandlerStateChange={[Function]}
                              onHandlerStateChange={[Function]}
                              rippleColor={0}
                              style={
                                Array [
                                  Object {
                                    "flex": 0,
                                  },
                                  undefined,
                                ]
                              }
                            >
                              <View
                                accessible={true}
                                style={
                                  Object {
                                    "opacity": 1,
                                    "padding": 8,
                                  }
                                }
                              >
                                <View
                                  style={
                                    Array [
                                      undefined,
                                      undefined,
                                      undefined,
                                      undefined,
                                      Object {
                                        "justifyContent": "center",
                                      },
                                      Object {
                                        "alignSelf": "flex-end",
                                      },
                                    ]
                                  }
                                  testID="rightNav"
                                >
                                  <Text
                                    allowFontScaling={false}
                                    style={
                                      Array [
                                        Object {
                                          "color": "transparent",
                                          "fontSize": 32,
                                        },
                                        Array [
                                          undefined,
                                          undefined,
                                        ],
                                        Object {
                                          "fontFamily": "Material Design Icons",
                                          "fontStyle": "normal",
                                          "fontWeight": "normal",
                                        },
                                        Object {},
                                      ]
                                    }
                                  >
                                    󰅖
                                  </Text>
                                </View>
                              </View>
                            </RNGestureHandlerButton>
                          </View>
                          <View
                            style={
                              Array [
                                Object {
                                  "flex": 1,
                                },
                                undefined,
                              ]
                            }
                          >
                            <View
                              style={
                                Object {
                                  "backgroundColor": "hsl(0,0%,100%)",
                                }
                              }
                            >
                              <View />
                            </View>
                          </View>
                        </RCTSafeAreaView>
                      </View>
                    </View>
                  </View>
                </View>
              </View>
            </View>
          </View>
        </RNSScreen>
      </RNSScreenContainer>
    </View>
  </RNCSafeAreaProvider>
</View>
`;
