// Jest Snapshot v1, https://goo.gl/fbAQLP

exports[`swipe renders correctly 1`] = `
<View
  style={
    Array [
      undefined,
      undefined,
      undefined,
      undefined,
    ]
  }
/>
`;
