// Jest Snapshot v1, https://goo.gl/fbAQLP

exports[`screen renders correctly 1`] = `
<View
  style={
    Array [
      undefined,
      undefined,
      undefined,
      Object {
        "backgroundColor": "hsl(0,0%,100%)",
        "flex": 1,
      },
    ]
  }
>
  <RNCSafeAreaView
    edges={
      Array [
        "top",
        "left",
        "right",
        "bottom",
      ]
    }
    style={
      Object {
        "flex": 1,
      }
    }
  >
    <View
      style={
        Array [
          undefined,
          undefined,
          undefined,
          Object {
            "alignItems": "center",
            "backgroundColor": "hsl(0,0%,100%)",
            "borderBottomColor": "hsl(0,0%,100%)",
            "borderBottomWidth": 1,
            "flexDirection": "row",
            "justifyContent": "space-between",
            "paddingHorizontal": 8,
            "zIndex": 2,
          },
        ]
      }
    >
      <RNGestureHandlerButton
        collapsable={false}
        exclusive={true}
        handlerTag={1}
        handlerType="NativeViewGestureHandler"
        onGestureEvent={[Function]}
        onGestureHandlerEvent={[Function]}
        onGestureHandlerStateChange={[Function]}
        onHandlerStateChange={[Function]}
        rippleColor={0}
        touchSoundDisabled={false}
      >
        <View
          accessible={true}
          collapsable={false}
          style={
            Object {
              "flex": 0,
              "opacity": 1,
              "padding": 8,
            }
          }
        >
          <View
            style={
              Array [
                undefined,
                undefined,
                undefined,
                Array [
                  undefined,
                  undefined,
                  undefined,
                  undefined,
                  Object {
                    "justifyContent": "center",
                  },
                  null,
                ],
              ]
            }
            testID="leftNav"
          >
            <Text
              allowFontScaling={false}
              selectable={false}
              style={
                Array [
                  Object {
                    "color": "transparent",
                    "fontSize": 32,
                  },
                  Array [
                    undefined,
                    undefined,
                  ],
                  Object {
                    "fontFamily": "Material Design Icons",
                    "fontStyle": "normal",
                    "fontWeight": "normal",
                  },
                  Object {},
                ]
              }
            >
              󰅁
            </Text>
          </View>
        </View>
      </RNGestureHandlerButton>
      <RNGestureHandlerButton
        collapsable={false}
        exclusive={true}
        handlerTag={2}
        handlerType="NativeViewGestureHandler"
        onGestureEvent={[Function]}
        onGestureHandlerEvent={[Function]}
        onGestureHandlerStateChange={[Function]}
        onHandlerStateChange={[Function]}
        rippleColor={0}
        touchSoundDisabled={false}
      >
        <View
          accessible={true}
          collapsable={false}
          style={
            Object {
              "flex": 0,
              "opacity": 1,
              "padding": 8,
            }
          }
        >
          <View
            style={
              Array [
                undefined,
                undefined,
                undefined,
                Array [
                  undefined,
                  undefined,
                  undefined,
                  undefined,
                  Object {
                    "justifyContent": "center",
                  },
                  Object {
                    "alignSelf": "flex-end",
                  },
                ],
              ]
            }
            testID="rightNav"
          >
            <Text
              allowFontScaling={false}
              selectable={false}
              style={
                Array [
                  Object {
                    "color": "transparent",
                    "fontSize": 32,
                  },
                  Array [
                    undefined,
                    undefined,
                  ],
                  Object {
                    "fontFamily": "Material Design Icons",
                    "fontStyle": "normal",
                    "fontWeight": "normal",
                  },
                  Object {},
                ]
              }
            >
              󰅖
            </Text>
          </View>
        </View>
      </RNGestureHandlerButton>
    </View>
    <View
      style={
        Array [
          undefined,
          undefined,
          undefined,
          Object {
            "backgroundColor": "hsl(0,0%,100%)",
            "height": 2,
            "width": "100%",
            "zIndex": 1,
          },
        ]
      }
    />
    <View
      style={
        Array [
          undefined,
          undefined,
          undefined,
          Array [
            Object {
              "flex": 1,
            },
            undefined,
          ],
        ]
      }
    >
      <View
        style={
          Array [
            undefined,
            undefined,
            undefined,
            undefined,
          ]
        }
      />
    </View>
  </RNCSafeAreaView>
</View>
`;
